
> sme@1.0.0 test:e2e
> jest --config jest.e2e.config.js --runInBand --forceExit

